[2026-04-18 09:29:46] production.ERROR: Symfony\Component\HttpFoundation\Request::create(): Argument #1 ($uri) must be of type string, null given, called in D:\wamp64\www\v12\stackposts\release\stackposts-installer-20260418\vendor\laravel\framework\src\Illuminate\Foundation\Bootstrap\SetRequestForConsole.php on line 31 {"exception":"[object] (TypeError(code: 0): Symfony\\Component\\HttpFoundation\\Request::create(): Argument #1 ($uri) must be of type string, null given, called in D:\\wamp64\\www\\v12\\stackposts\\release\\stackposts-installer-20260418\\vendor\\laravel\\framework\\src\\Illuminate\\Foundation\\Bootstrap\\SetRequestForConsole.php on line 31 at D:/wamp64/www/v12/stackposts/release/stackposts-installer-20260418/vendor/symfony/http-foundation/Request.php:330)
[stacktrace]
#0 D:/wamp64/www/v12/stackposts/release/stackposts-installer-20260418/vendor/laravel/framework/src/Illuminate/Foundation/Bootstrap/SetRequestForConsole.php(31): Symfony/Component/HttpFoundation/Request::create(NULL, 'GET', Array, Array, Array, Array)
#1 D:/wamp64/www/v12/stackposts/release/stackposts-installer-20260418/vendor/laravel/framework/src/Illuminate/Foundation/Application.php(342): Illuminate/Foundation/Bootstrap/SetRequestForConsole->bootstrap(Object(Illuminate/Foundation/Application))
#2 D:/wamp64/www/v12/stackposts/release/stackposts-installer-20260418/vendor/laravel/framework/src/Illuminate/Foundation/Console/Kernel.php(494): Illuminate/Foundation/Application->bootstrapWith(Array)
#3 D:/wamp64/www/v12/stackposts/release/stackposts-installer-20260418/vendor/laravel/framework/src/Illuminate/Foundation/Console/Kernel.php(196): Illuminate/Foundation/Console/Kernel->bootstrap()
#4 D:/wamp64/www/v12/stackposts/release/stackposts-installer-20260418/vendor/laravel/framework/src/Illuminate/Foundation/Application.php(1235): Illuminate/Foundation/Console/Kernel->handle(Object(Symfony/Component/Console/Input/ArgvInput), Object(Symfony/Component/Console/Output/ConsoleOutput))
#5 D:/wamp64/www/v12/stackposts/release/stackposts-installer-20260418/artisan(16): Illuminate/Foundation/Application->handleCommand(Object(Symfony/Component/Console/Input/ArgvInput))
#6 {main}
"} 
[2026-04-18 09:35:20] production.ERROR: Symfony\Component\HttpFoundation\InputBag::get(): Argument #1 ($key) must be of type string, null given, called in D:\wamp64\www\v12\stackposts\release\stackposts-installer-20260418\vendor\laravel\framework\src\Illuminate\Session\Middleware\StartSession.php on line 159 {"exception":"[object] (TypeError(code: 0): Symfony\\Component\\HttpFoundation\\InputBag::get(): Argument #1 ($key) must be of type string, null given, called in D:\\wamp64\\www\\v12\\stackposts\\release\\stackposts-installer-20260418\\vendor\\laravel\\framework\\src\\Illuminate\\Session\\Middleware\\StartSession.php on line 159 at D:/wamp64/www/v12/stackposts/release/stackposts-installer-20260418/vendor/symfony/http-foundation/InputBag.php:37)
[stacktrace]
#0 D:/wamp64/www/v12/stackposts/release/stackposts-installer-20260418/vendor/laravel/framework/src/Illuminate/Session/Middleware/StartSession.php(159): Symfony/Component/HttpFoundation/InputBag->get(NULL)
#1 D:/wamp64/www/v12/stackposts/release/stackposts-installer-20260418/vendor/laravel/framework/src/Illuminate/Support/helpers.php(393): Illuminate/Session/Middleware/StartSession->Illuminate/Session/Middleware/{closure}(Object(Illuminate/Session/Store))
#2 D:/wamp64/www/v12/stackposts/release/stackposts-installer-20260418/vendor/laravel/framework/src/Illuminate/Session/Middleware/StartSession.php(158): tap(Object(Illuminate/Session/Store), Object(Closure))
#3 D:/wamp64/www/v12/stackposts/release/stackposts-installer-20260418/vendor/laravel/framework/src/Illuminate/Session/Middleware/StartSession.php(56): Illuminate/Session/Middleware/StartSession->getSession(Object(Illuminate/Http/Request))
#4 D:/wamp64/www/v12/stackposts/release/stackposts-installer-20260418/vendor/laravel/framework/src/Illuminate/Pipeline/Pipeline.php(219): Illuminate/Session/Middleware/StartSession->handle(Object(Illuminate/Http/Request), Object(Closure))
#5 D:/wamp64/www/v12/stackposts/release/stackposts-installer-20260418/vendor/laravel/framework/src/Illuminate/Cookie/Middleware/AddQueuedCookiesToResponse.php(36): Illuminate/Pipeline/Pipeline->Illuminate/Pipeline/{closure}(Object(Illuminate/Http/Request))
#6 D:/wamp64/www/v12/stackposts/release/stackposts-installer-20260418/vendor/laravel/framework/src/Illuminate/Pipeline/Pipeline.php(219): Illuminate/Cookie/Middleware/AddQueuedCookiesToResponse->handle(Object(Illuminate/Http/Request), Object(Closure))
#7 D:/wamp64/www/v12/stackposts/release/stackposts-installer-20260418/vendor/laravel/framework/src/Illuminate/Cookie/Middleware/EncryptCookies.php(74): Illuminate/Pipeline/Pipeline->Illuminate/Pipeline/{closure}(Object(Illuminate/Http/Request))
#8 D:/wamp64/www/v12/stackposts/release/stackposts-installer-20260418/vendor/laravel/framework/src/Illuminate/Pipeline/Pipeline.php(219): Illuminate/Cookie/Middleware/EncryptCookies->handle(Object(Illuminate/Http/Request), Object(Closure))
#9 D:/wamp64/www/v12/stackposts/release/stackposts-installer-20260418/app/Installer/Http/Middleware/PrepareInstallation.php(29): Illuminate/Pipeline/Pipeline->Illuminate/Pipeline/{closure}(Object(Illuminate/Http/Request))
#10 D:/wamp64/www/v12/stackposts/release/stackposts-installer-20260418/vendor/laravel/framework/src/Illuminate/Pipeline/Pipeline.php(219): App/Installer/Http/Middleware/PrepareInstallation->handle(Object(Illuminate/Http/Request), Object(Closure))
#11 D:/wamp64/www/v12/stackposts/release/stackposts-installer-20260418/vendor/laravel/framework/src/Illuminate/Pipeline/Pipeline.php(137): Illuminate/Pipeline/Pipeline->Illuminate/Pipeline/{closure}(Object(Illuminate/Http/Request))
#12 D:/wamp64/www/v12/stackposts/release/stackposts-installer-20260418/vendor/laravel/framework/src/Illuminate/Routing/Router.php(821): Illuminate/Pipeline/Pipeline->then(Object(Closure))
#13 D:/wamp64/www/v12/stackposts/release/stackposts-installer-20260418/vendor/laravel/framework/src/Illuminate/Routing/Router.php(800): Illuminate/Routing/Router->runRouteWithinStack(Object(Illuminate/Routing/Route), Object(Illuminate/Http/Request))
#14 D:/wamp64/www/v12/stackposts/release/stackposts-installer-20260418/vendor/laravel/framework/src/Illuminate/Routing/Router.php(764): Illuminate/Routing/Router->runRoute(Object(Illuminate/Http/Request), Object(Illuminate/Routing/Route))
#15 D:/wamp64/www/v12/stackposts/release/stackposts-installer-20260418/vendor/laravel/framework/src/Illuminate/Routing/Router.php(753): Illuminate/Routing/Router->dispatchToRoute(Object(Illuminate/Http/Request))
#16 D:/wamp64/www/v12/stackposts/release/stackposts-installer-20260418/vendor/laravel/framework/src/Illuminate/Foundation/Http/Kernel.php(200): Illuminate/Routing/Router->dispatch(Object(Illuminate/Http/Request))
#17 D:/wamp64/www/v12/stackposts/release/stackposts-installer-20260418/vendor/laravel/framework/src/Illuminate/Pipeline/Pipeline.php(180): Illuminate/Foundation/Http/Kernel->Illuminate/Foundation/Http/{closure}(Object(Illuminate/Http/Request))
#18 D:/wamp64/www/v12/stackposts/release/stackposts-installer-20260418/vendor/livewire/livewire/src/Features/SupportDisablingBackButtonCache/DisableBackButtonCacheMiddleware.php(19): Illuminate/Pipeline/Pipeline->Illuminate/Pipeline/{closure}(Object(Illuminate/Http/Request))
#19 D:/wamp64/www/v12/stackposts/release/stackposts-installer-20260418/vendor/laravel/framework/src/Illuminate/Pipeline/Pipeline.php(219): Livewire/Features/SupportDisablingBackButtonCache/DisableBackButtonCacheMiddleware->handle(Object(Illuminate/Http/Request), Object(Closure))
#20 D:/wamp64/www/v12/stackposts/release/stackposts-installer-20260418/vendor/laravel/framework/src/Illuminate/Foundation/Http/Middleware/TransformsRequest.php(21): Illuminate/Pipeline/Pipeline->Illuminate/Pipeline/{closure}(Object(Illuminate/Http/Request))
#21 D:/wamp64/www/v12/stackposts/release/stackposts-installer-20260418/vendor/laravel/framework/src/Illuminate/Foundation/Http/Middleware/ConvertEmptyStringsToNull.php(31): Illuminate/Foundation/Http/Middleware/TransformsRequest->handle(Object(Illuminate/Http/Request), Object(Closure))
#22 D:/wamp64/www/v12/stackposts/release/stackposts-installer-20260418/vendor/laravel/framework/src/Illuminate/Pipeline/Pipeline.php(219): Illuminate/Foundation/Http/Middleware/ConvertEmptyStringsToNull->handle(Object(Illuminate/Http/Request), Object(Closure))
#23 D:/wamp64/www/v12/stackposts/release/stackposts-installer-20260418/vendor/laravel/framework/src/Illuminate/Foundation/Http/Middleware/TransformsRequest.php(21): Illuminate/Pipeline/Pipeline->Illuminate/Pipeline/{closure}(Object(Illuminate/Http/Request))
#24 D:/wamp64/www/v12/stackposts/release/stackposts-installer-20260418/vendor/laravel/framework/src/Illuminate/Foundation/Http/Middleware/TrimStrings.php(51): Illuminate/Foundation/Http/Middleware/TransformsRequest->handle(Object(Illuminate/Http/Request), Object(Closure))
#25 D:/wamp64/www/v12/stackposts/release/stackposts-installer-20260418/vendor/laravel/framework/src/Illuminate/Pipeline/Pipeline.php(219): Illuminate/Foundation/Http/Middleware/TrimStrings->handle(Object(Illuminate/Http/Request), Object(Closure))
#26 D:/wamp64/www/v12/stackposts/release/stackposts-installer-20260418/vendor/laravel/framework/src/Illuminate/Http/Middleware/ValidatePostSize.php(27): Illuminate/Pipeline/Pipeline->Illuminate/Pipeline/{closure}(Object(Illuminate/Http/Request))
#27 D:/wamp64/www/v12/stackposts/release/stackposts-installer-20260418/vendor/laravel/framework/src/Illuminate/Pipeline/Pipeline.php(219): Illuminate/Http/Middleware/ValidatePostSize->handle(Object(Illuminate/Http/Request), Object(Closure))
#28 D:/wamp64/www/v12/stackposts/release/stackposts-installer-20260418/vendor/laravel/framework/src/Illuminate/Foundation/Http/Middleware/PreventRequestsDuringMaintenance.php(109): Illuminate/Pipeline/Pipeline->Illuminate/Pipeline/{closure}(Object(Illuminate/Http/Request))
#29 D:/wamp64/www/v12/stackposts/release/stackposts-installer-20260418/vendor/laravel/framework/src/Illuminate/Pipeline/Pipeline.php(219): Illuminate/Foundation/Http/Middleware/PreventRequestsDuringMaintenance->handle(Object(Illuminate/Http/Request), Object(Closure))
#30 D:/wamp64/www/v12/stackposts/release/stackposts-installer-20260418/vendor/laravel/framework/src/Illuminate/Http/Middleware/HandleCors.php(61): Illuminate/Pipeline/Pipeline->Illuminate/Pipeline/{closure}(Object(Illuminate/Http/Request))
#31 D:/wamp64/www/v12/stackposts/release/stackposts-installer-20260418/vendor/laravel/framework/src/Illuminate/Pipeline/Pipeline.php(219): Illuminate/Http/Middleware/HandleCors->handle(Object(Illuminate/Http/Request), Object(Closure))
#32 D:/wamp64/www/v12/stackposts/release/stackposts-installer-20260418/vendor/laravel/framework/src/Illuminate/Http/Middleware/TrustProxies.php(58): Illuminate/Pipeline/Pipeline->Illuminate/Pipeline/{closure}(Object(Illuminate/Http/Request))
#33 D:/wamp64/www/v12/stackposts/release/stackposts-installer-20260418/vendor/laravel/framework/src/Illuminate/Pipeline/Pipeline.php(219): Illuminate/Http/Middleware/TrustProxies->handle(Object(Illuminate/Http/Request), Object(Closure))
#34 D:/wamp64/www/v12/stackposts/release/stackposts-installer-20260418/vendor/laravel/framework/src/Illuminate/Foundation/Http/Middleware/InvokeDeferredCallbacks.php(22): Illuminate/Pipeline/Pipeline->Illuminate/Pipeline/{closure}(Object(Illuminate/Http/Request))
#35 D:/wamp64/www/v12/stackposts/release/stackposts-installer-20260418/vendor/laravel/framework/src/Illuminate/Pipeline/Pipeline.php(219): Illuminate/Foundation/Http/Middleware/InvokeDeferredCallbacks->handle(Object(Illuminate/Http/Request), Object(Closure))
#36 D:/wamp64/www/v12/stackposts/release/stackposts-installer-20260418/vendor/laravel/framework/src/Illuminate/Http/Middleware/ValidatePathEncoding.php(28): Illuminate/Pipeline/Pipeline->Illuminate/Pipeline/{closure}(Object(Illuminate/Http/Request))
#37 D:/wamp64/www/v12/stackposts/release/stackposts-installer-20260418/vendor/laravel/framework/src/Illuminate/Pipeline/Pipeline.php(219): Illuminate/Http/Middleware/ValidatePathEncoding->handle(Object(Illuminate/Http/Request), Object(Closure))
#38 D:/wamp64/www/v12/stackposts/release/stackposts-installer-20260418/vendor/laravel/framework/src/Illuminate/Pipeline/Pipeline.php(137): Illuminate/Pipeline/Pipeline->Illuminate/Pipeline/{closure}(Object(Illuminate/Http/Request))
#39 D:/wamp64/www/v12/stackposts/release/stackposts-installer-20260418/vendor/laravel/framework/src/Illuminate/Foundation/Http/Kernel.php(175): Illuminate/Pipeline/Pipeline->then(Object(Closure))
#40 D:/wamp64/www/v12/stackposts/release/stackposts-installer-20260418/vendor/laravel/framework/src/Illuminate/Foundation/Http/Kernel.php(144): Illuminate/Foundation/Http/Kernel->sendRequestThroughRouter(Object(Illuminate/Http/Request))
#41 D:/wamp64/www/v12/stackposts/release/stackposts-installer-20260418/vendor/laravel/framework/src/Illuminate/Foundation/Application.php(1220): Illuminate/Foundation/Http/Kernel->handle(Object(Illuminate/Http/Request))
#42 D:/wamp64/www/v12/stackposts/release/stackposts-installer-20260418/index.php(17): Illuminate/Foundation/Application->handleRequest(Object(Illuminate/Http/Request))
#43 {main}
"} 
[2026-04-18 09:35:23] production.ERROR: Symfony\Component\HttpFoundation\InputBag::get(): Argument #1 ($key) must be of type string, null given, called in D:\wamp64\www\v12\stackposts\release\stackposts-installer-20260418\vendor\laravel\framework\src\Illuminate\Session\Middleware\StartSession.php on line 159 {"exception":"[object] (TypeError(code: 0): Symfony\\Component\\HttpFoundation\\InputBag::get(): Argument #1 ($key) must be of type string, null given, called in D:\\wamp64\\www\\v12\\stackposts\\release\\stackposts-installer-20260418\\vendor\\laravel\\framework\\src\\Illuminate\\Session\\Middleware\\StartSession.php on line 159 at D:/wamp64/www/v12/stackposts/release/stackposts-installer-20260418/vendor/symfony/http-foundation/InputBag.php:37)
[stacktrace]
#0 D:/wamp64/www/v12/stackposts/release/stackposts-installer-20260418/vendor/laravel/framework/src/Illuminate/Session/Middleware/StartSession.php(159): Symfony/Component/HttpFoundation/InputBag->get(NULL)
#1 D:/wamp64/www/v12/stackposts/release/stackposts-installer-20260418/vendor/laravel/framework/src/Illuminate/Support/helpers.php(393): Illuminate/Session/Middleware/StartSession->Illuminate/Session/Middleware/{closure}(Object(Illuminate/Session/Store))
#2 D:/wamp64/www/v12/stackposts/release/stackposts-installer-20260418/vendor/laravel/framework/src/Illuminate/Session/Middleware/StartSession.php(158): tap(Object(Illuminate/Session/Store), Object(Closure))
#3 D:/wamp64/www/v12/stackposts/release/stackposts-installer-20260418/vendor/laravel/framework/src/Illuminate/Session/Middleware/StartSession.php(56): Illuminate/Session/Middleware/StartSession->getSession(Object(Illuminate/Http/Request))
#4 D:/wamp64/www/v12/stackposts/release/stackposts-installer-20260418/vendor/laravel/framework/src/Illuminate/Pipeline/Pipeline.php(219): Illuminate/Session/Middleware/StartSession->handle(Object(Illuminate/Http/Request), Object(Closure))
#5 D:/wamp64/www/v12/stackposts/release/stackposts-installer-20260418/vendor/laravel/framework/src/Illuminate/Cookie/Middleware/AddQueuedCookiesToResponse.php(36): Illuminate/Pipeline/Pipeline->Illuminate/Pipeline/{closure}(Object(Illuminate/Http/Request))
#6 D:/wamp64/www/v12/stackposts/release/stackposts-installer-20260418/vendor/laravel/framework/src/Illuminate/Pipeline/Pipeline.php(219): Illuminate/Cookie/Middleware/AddQueuedCookiesToResponse->handle(Object(Illuminate/Http/Request), Object(Closure))
#7 D:/wamp64/www/v12/stackposts/release/stackposts-installer-20260418/vendor/laravel/framework/src/Illuminate/Cookie/Middleware/EncryptCookies.php(74): Illuminate/Pipeline/Pipeline->Illuminate/Pipeline/{closure}(Object(Illuminate/Http/Request))
#8 D:/wamp64/www/v12/stackposts/release/stackposts-installer-20260418/vendor/laravel/framework/src/Illuminate/Pipeline/Pipeline.php(219): Illuminate/Cookie/Middleware/EncryptCookies->handle(Object(Illuminate/Http/Request), Object(Closure))
#9 D:/wamp64/www/v12/stackposts/release/stackposts-installer-20260418/app/Installer/Http/Middleware/PrepareInstallation.php(29): Illuminate/Pipeline/Pipeline->Illuminate/Pipeline/{closure}(Object(Illuminate/Http/Request))
#10 D:/wamp64/www/v12/stackposts/release/stackposts-installer-20260418/vendor/laravel/framework/src/Illuminate/Pipeline/Pipeline.php(219): App/Installer/Http/Middleware/PrepareInstallation->handle(Object(Illuminate/Http/Request), Object(Closure))
#11 D:/wamp64/www/v12/stackposts/release/stackposts-installer-20260418/vendor/laravel/framework/src/Illuminate/Pipeline/Pipeline.php(137): Illuminate/Pipeline/Pipeline->Illuminate/Pipeline/{closure}(Object(Illuminate/Http/Request))
#12 D:/wamp64/www/v12/stackposts/release/stackposts-installer-20260418/vendor/laravel/framework/src/Illuminate/Routing/Router.php(821): Illuminate/Pipeline/Pipeline->then(Object(Closure))
#13 D:/wamp64/www/v12/stackposts/release/stackposts-installer-20260418/vendor/laravel/framework/src/Illuminate/Routing/Router.php(800): Illuminate/Routing/Router->runRouteWithinStack(Object(Illuminate/Routing/Route), Object(Illuminate/Http/Request))
#14 D:/wamp64/www/v12/stackposts/release/stackposts-installer-20260418/vendor/laravel/framework/src/Illuminate/Routing/Router.php(764): Illuminate/Routing/Router->runRoute(Object(Illuminate/Http/Request), Object(Illuminate/Routing/Route))
#15 D:/wamp64/www/v12/stackposts/release/stackposts-installer-20260418/vendor/laravel/framework/src/Illuminate/Routing/Router.php(753): Illuminate/Routing/Router->dispatchToRoute(Object(Illuminate/Http/Request))
#16 D:/wamp64/www/v12/stackposts/release/stackposts-installer-20260418/vendor/laravel/framework/src/Illuminate/Foundation/Http/Kernel.php(200): Illuminate/Routing/Router->dispatch(Object(Illuminate/Http/Request))
#17 D:/wamp64/www/v12/stackposts/release/stackposts-installer-20260418/vendor/laravel/framework/src/Illuminate/Pipeline/Pipeline.php(180): Illuminate/Foundation/Http/Kernel->Illuminate/Foundation/Http/{closure}(Object(Illuminate/Http/Request))
#18 D:/wamp64/www/v12/stackposts/release/stackposts-installer-20260418/vendor/livewire/livewire/src/Features/SupportDisablingBackButtonCache/DisableBackButtonCacheMiddleware.php(19): Illuminate/Pipeline/Pipeline->Illuminate/Pipeline/{closure}(Object(Illuminate/Http/Request))
#19 D:/wamp64/www/v12/stackposts/release/stackposts-installer-20260418/vendor/laravel/framework/src/Illuminate/Pipeline/Pipeline.php(219): Livewire/Features/SupportDisablingBackButtonCache/DisableBackButtonCacheMiddleware->handle(Object(Illuminate/Http/Request), Object(Closure))
#20 D:/wamp64/www/v12/stackposts/release/stackposts-installer-20260418/vendor/laravel/framework/src/Illuminate/Foundation/Http/Middleware/TransformsRequest.php(21): Illuminate/Pipeline/Pipeline->Illuminate/Pipeline/{closure}(Object(Illuminate/Http/Request))
#21 D:/wamp64/www/v12/stackposts/release/stackposts-installer-20260418/vendor/laravel/framework/src/Illuminate/Foundation/Http/Middleware/ConvertEmptyStringsToNull.php(31): Illuminate/Foundation/Http/Middleware/TransformsRequest->handle(Object(Illuminate/Http/Request), Object(Closure))
#22 D:/wamp64/www/v12/stackposts/release/stackposts-installer-20260418/vendor/laravel/framework/src/Illuminate/Pipeline/Pipeline.php(219): Illuminate/Foundation/Http/Middleware/ConvertEmptyStringsToNull->handle(Object(Illuminate/Http/Request), Object(Closure))
#23 D:/wamp64/www/v12/stackposts/release/stackposts-installer-20260418/vendor/laravel/framework/src/Illuminate/Foundation/Http/Middleware/TransformsRequest.php(21): Illuminate/Pipeline/Pipeline->Illuminate/Pipeline/{closure}(Object(Illuminate/Http/Request))
#24 D:/wamp64/www/v12/stackposts/release/stackposts-installer-20260418/vendor/laravel/framework/src/Illuminate/Foundation/Http/Middleware/TrimStrings.php(51): Illuminate/Foundation/Http/Middleware/TransformsRequest->handle(Object(Illuminate/Http/Request), Object(Closure))
#25 D:/wamp64/www/v12/stackposts/release/stackposts-installer-20260418/vendor/laravel/framework/src/Illuminate/Pipeline/Pipeline.php(219): Illuminate/Foundation/Http/Middleware/TrimStrings->handle(Object(Illuminate/Http/Request), Object(Closure))
#26 D:/wamp64/www/v12/stackposts/release/stackposts-installer-20260418/vendor/laravel/framework/src/Illuminate/Http/Middleware/ValidatePostSize.php(27): Illuminate/Pipeline/Pipeline->Illuminate/Pipeline/{closure}(Object(Illuminate/Http/Request))
#27 D:/wamp64/www/v12/stackposts/release/stackposts-installer-20260418/vendor/laravel/framework/src/Illuminate/Pipeline/Pipeline.php(219): Illuminate/Http/Middleware/ValidatePostSize->handle(Object(Illuminate/Http/Request), Object(Closure))
#28 D:/wamp64/www/v12/stackposts/release/stackposts-installer-20260418/vendor/laravel/framework/src/Illuminate/Foundation/Http/Middleware/PreventRequestsDuringMaintenance.php(109): Illuminate/Pipeline/Pipeline->Illuminate/Pipeline/{closure}(Object(Illuminate/Http/Request))
#29 D:/wamp64/www/v12/stackposts/release/stackposts-installer-20260418/vendor/laravel/framework/src/Illuminate/Pipeline/Pipeline.php(219): Illuminate/Foundation/Http/Middleware/PreventRequestsDuringMaintenance->handle(Object(Illuminate/Http/Request), Object(Closure))
#30 D:/wamp64/www/v12/stackposts/release/stackposts-installer-20260418/vendor/laravel/framework/src/Illuminate/Http/Middleware/HandleCors.php(61): Illuminate/Pipeline/Pipeline->Illuminate/Pipeline/{closure}(Object(Illuminate/Http/Request))
#31 D:/wamp64/www/v12/stackposts/release/stackposts-installer-20260418/vendor/laravel/framework/src/Illuminate/Pipeline/Pipeline.php(219): Illuminate/Http/Middleware/HandleCors->handle(Object(Illuminate/Http/Request), Object(Closure))
#32 D:/wamp64/www/v12/stackposts/release/stackposts-installer-20260418/vendor/laravel/framework/src/Illuminate/Http/Middleware/TrustProxies.php(58): Illuminate/Pipeline/Pipeline->Illuminate/Pipeline/{closure}(Object(Illuminate/Http/Request))
#33 D:/wamp64/www/v12/stackposts/release/stackposts-installer-20260418/vendor/laravel/framework/src/Illuminate/Pipeline/Pipeline.php(219): Illuminate/Http/Middleware/TrustProxies->handle(Object(Illuminate/Http/Request), Object(Closure))
#34 D:/wamp64/www/v12/stackposts/release/stackposts-installer-20260418/vendor/laravel/framework/src/Illuminate/Foundation/Http/Middleware/InvokeDeferredCallbacks.php(22): Illuminate/Pipeline/Pipeline->Illuminate/Pipeline/{closure}(Object(Illuminate/Http/Request))
#35 D:/wamp64/www/v12/stackposts/release/stackposts-installer-20260418/vendor/laravel/framework/src/Illuminate/Pipeline/Pipeline.php(219): Illuminate/Foundation/Http/Middleware/InvokeDeferredCallbacks->handle(Object(Illuminate/Http/Request), Object(Closure))
#36 D:/wamp64/www/v12/stackposts/release/stackposts-installer-20260418/vendor/laravel/framework/src/Illuminate/Http/Middleware/ValidatePathEncoding.php(28): Illuminate/Pipeline/Pipeline->Illuminate/Pipeline/{closure}(Object(Illuminate/Http/Request))
#37 D:/wamp64/www/v12/stackposts/release/stackposts-installer-20260418/vendor/laravel/framework/src/Illuminate/Pipeline/Pipeline.php(219): Illuminate/Http/Middleware/ValidatePathEncoding->handle(Object(Illuminate/Http/Request), Object(Closure))
#38 D:/wamp64/www/v12/stackposts/release/stackposts-installer-20260418/vendor/laravel/framework/src/Illuminate/Pipeline/Pipeline.php(137): Illuminate/Pipeline/Pipeline->Illuminate/Pipeline/{closure}(Object(Illuminate/Http/Request))
#39 D:/wamp64/www/v12/stackposts/release/stackposts-installer-20260418/vendor/laravel/framework/src/Illuminate/Foundation/Http/Kernel.php(175): Illuminate/Pipeline/Pipeline->then(Object(Closure))
#40 D:/wamp64/www/v12/stackposts/release/stackposts-installer-20260418/vendor/laravel/framework/src/Illuminate/Foundation/Http/Kernel.php(144): Illuminate/Foundation/Http/Kernel->sendRequestThroughRouter(Object(Illuminate/Http/Request))
#41 D:/wamp64/www/v12/stackposts/release/stackposts-installer-20260418/vendor/laravel/framework/src/Illuminate/Foundation/Application.php(1220): Illuminate/Foundation/Http/Kernel->handle(Object(Illuminate/Http/Request))
#42 D:/wamp64/www/v12/stackposts/release/stackposts-installer-20260418/index.php(17): Illuminate/Foundation/Application->handleRequest(Object(Illuminate/Http/Request))
#43 {main}
"} 
[2026-04-18 09:35:26] production.ERROR: Symfony\Component\HttpFoundation\InputBag::get(): Argument #1 ($key) must be of type string, null given, called in D:\wamp64\www\v12\stackposts\release\stackposts-installer-20260418\vendor\laravel\framework\src\Illuminate\Session\Middleware\StartSession.php on line 159 {"exception":"[object] (TypeError(code: 0): Symfony\\Component\\HttpFoundation\\InputBag::get(): Argument #1 ($key) must be of type string, null given, called in D:\\wamp64\\www\\v12\\stackposts\\release\\stackposts-installer-20260418\\vendor\\laravel\\framework\\src\\Illuminate\\Session\\Middleware\\StartSession.php on line 159 at D:/wamp64/www/v12/stackposts/release/stackposts-installer-20260418/vendor/symfony/http-foundation/InputBag.php:37)
[stacktrace]
#0 D:/wamp64/www/v12/stackposts/release/stackposts-installer-20260418/vendor/laravel/framework/src/Illuminate/Session/Middleware/StartSession.php(159): Symfony/Component/HttpFoundation/InputBag->get(NULL)
#1 D:/wamp64/www/v12/stackposts/release/stackposts-installer-20260418/vendor/laravel/framework/src/Illuminate/Support/helpers.php(393): Illuminate/Session/Middleware/StartSession->Illuminate/Session/Middleware/{closure}(Object(Illuminate/Session/Store))
#2 D:/wamp64/www/v12/stackposts/release/stackposts-installer-20260418/vendor/laravel/framework/src/Illuminate/Session/Middleware/StartSession.php(158): tap(Object(Illuminate/Session/Store), Object(Closure))
#3 D:/wamp64/www/v12/stackposts/release/stackposts-installer-20260418/vendor/laravel/framework/src/Illuminate/Session/Middleware/StartSession.php(56): Illuminate/Session/Middleware/StartSession->getSession(Object(Illuminate/Http/Request))
#4 D:/wamp64/www/v12/stackposts/release/stackposts-installer-20260418/vendor/laravel/framework/src/Illuminate/Pipeline/Pipeline.php(219): Illuminate/Session/Middleware/StartSession->handle(Object(Illuminate/Http/Request), Object(Closure))
#5 D:/wamp64/www/v12/stackposts/release/stackposts-installer-20260418/vendor/laravel/framework/src/Illuminate/Cookie/Middleware/AddQueuedCookiesToResponse.php(36): Illuminate/Pipeline/Pipeline->Illuminate/Pipeline/{closure}(Object(Illuminate/Http/Request))
#6 D:/wamp64/www/v12/stackposts/release/stackposts-installer-20260418/vendor/laravel/framework/src/Illuminate/Pipeline/Pipeline.php(219): Illuminate/Cookie/Middleware/AddQueuedCookiesToResponse->handle(Object(Illuminate/Http/Request), Object(Closure))
#7 D:/wamp64/www/v12/stackposts/release/stackposts-installer-20260418/vendor/laravel/framework/src/Illuminate/Cookie/Middleware/EncryptCookies.php(74): Illuminate/Pipeline/Pipeline->Illuminate/Pipeline/{closure}(Object(Illuminate/Http/Request))
#8 D:/wamp64/www/v12/stackposts/release/stackposts-installer-20260418/vendor/laravel/framework/src/Illuminate/Pipeline/Pipeline.php(219): Illuminate/Cookie/Middleware/EncryptCookies->handle(Object(Illuminate/Http/Request), Object(Closure))
#9 D:/wamp64/www/v12/stackposts/release/stackposts-installer-20260418/app/Installer/Http/Middleware/PrepareInstallation.php(29): Illuminate/Pipeline/Pipeline->Illuminate/Pipeline/{closure}(Object(Illuminate/Http/Request))
#10 D:/wamp64/www/v12/stackposts/release/stackposts-installer-20260418/vendor/laravel/framework/src/Illuminate/Pipeline/Pipeline.php(219): App/Installer/Http/Middleware/PrepareInstallation->handle(Object(Illuminate/Http/Request), Object(Closure))
#11 D:/wamp64/www/v12/stackposts/release/stackposts-installer-20260418/vendor/laravel/framework/src/Illuminate/Pipeline/Pipeline.php(137): Illuminate/Pipeline/Pipeline->Illuminate/Pipeline/{closure}(Object(Illuminate/Http/Request))
#12 D:/wamp64/www/v12/stackposts/release/stackposts-installer-20260418/vendor/laravel/framework/src/Illuminate/Routing/Router.php(821): Illuminate/Pipeline/Pipeline->then(Object(Closure))
#13 D:/wamp64/www/v12/stackposts/release/stackposts-installer-20260418/vendor/laravel/framework/src/Illuminate/Routing/Router.php(800): Illuminate/Routing/Router->runRouteWithinStack(Object(Illuminate/Routing/Route), Object(Illuminate/Http/Request))
#14 D:/wamp64/www/v12/stackposts/release/stackposts-installer-20260418/vendor/laravel/framework/src/Illuminate/Routing/Router.php(764): Illuminate/Routing/Router->runRoute(Object(Illuminate/Http/Request), Object(Illuminate/Routing/Route))
#15 D:/wamp64/www/v12/stackposts/release/stackposts-installer-20260418/vendor/laravel/framework/src/Illuminate/Routing/Router.php(753): Illuminate/Routing/Router->dispatchToRoute(Object(Illuminate/Http/Request))
#16 D:/wamp64/www/v12/stackposts/release/stackposts-installer-20260418/vendor/laravel/framework/src/Illuminate/Foundation/Http/Kernel.php(200): Illuminate/Routing/Router->dispatch(Object(Illuminate/Http/Request))
#17 D:/wamp64/www/v12/stackposts/release/stackposts-installer-20260418/vendor/laravel/framework/src/Illuminate/Pipeline/Pipeline.php(180): Illuminate/Foundation/Http/Kernel->Illuminate/Foundation/Http/{closure}(Object(Illuminate/Http/Request))
#18 D:/wamp64/www/v12/stackposts/release/stackposts-installer-20260418/vendor/livewire/livewire/src/Features/SupportDisablingBackButtonCache/DisableBackButtonCacheMiddleware.php(19): Illuminate/Pipeline/Pipeline->Illuminate/Pipeline/{closure}(Object(Illuminate/Http/Request))
#19 D:/wamp64/www/v12/stackposts/release/stackposts-installer-20260418/vendor/laravel/framework/src/Illuminate/Pipeline/Pipeline.php(219): Livewire/Features/SupportDisablingBackButtonCache/DisableBackButtonCacheMiddleware->handle(Object(Illuminate/Http/Request), Object(Closure))
#20 D:/wamp64/www/v12/stackposts/release/stackposts-installer-20260418/vendor/laravel/framework/src/Illuminate/Foundation/Http/Middleware/TransformsRequest.php(21): Illuminate/Pipeline/Pipeline->Illuminate/Pipeline/{closure}(Object(Illuminate/Http/Request))
#21 D:/wamp64/www/v12/stackposts/release/stackposts-installer-20260418/vendor/laravel/framework/src/Illuminate/Foundation/Http/Middleware/ConvertEmptyStringsToNull.php(31): Illuminate/Foundation/Http/Middleware/TransformsRequest->handle(Object(Illuminate/Http/Request), Object(Closure))
#22 D:/wamp64/www/v12/stackposts/release/stackposts-installer-20260418/vendor/laravel/framework/src/Illuminate/Pipeline/Pipeline.php(219): Illuminate/Foundation/Http/Middleware/ConvertEmptyStringsToNull->handle(Object(Illuminate/Http/Request), Object(Closure))
#23 D:/wamp64/www/v12/stackposts/release/stackposts-installer-20260418/vendor/laravel/framework/src/Illuminate/Foundation/Http/Middleware/TransformsRequest.php(21): Illuminate/Pipeline/Pipeline->Illuminate/Pipeline/{closure}(Object(Illuminate/Http/Request))
#24 D:/wamp64/www/v12/stackposts/release/stackposts-installer-20260418/vendor/laravel/framework/src/Illuminate/Foundation/Http/Middleware/TrimStrings.php(51): Illuminate/Foundation/Http/Middleware/TransformsRequest->handle(Object(Illuminate/Http/Request), Object(Closure))
#25 D:/wamp64/www/v12/stackposts/release/stackposts-installer-20260418/vendor/laravel/framework/src/Illuminate/Pipeline/Pipeline.php(219): Illuminate/Foundation/Http/Middleware/TrimStrings->handle(Object(Illuminate/Http/Request), Object(Closure))
#26 D:/wamp64/www/v12/stackposts/release/stackposts-installer-20260418/vendor/laravel/framework/src/Illuminate/Http/Middleware/ValidatePostSize.php(27): Illuminate/Pipeline/Pipeline->Illuminate/Pipeline/{closure}(Object(Illuminate/Http/Request))
#27 D:/wamp64/www/v12/stackposts/release/stackposts-installer-20260418/vendor/laravel/framework/src/Illuminate/Pipeline/Pipeline.php(219): Illuminate/Http/Middleware/ValidatePostSize->handle(Object(Illuminate/Http/Request), Object(Closure))
#28 D:/wamp64/www/v12/stackposts/release/stackposts-installer-20260418/vendor/laravel/framework/src/Illuminate/Foundation/Http/Middleware/PreventRequestsDuringMaintenance.php(109): Illuminate/Pipeline/Pipeline->Illuminate/Pipeline/{closure}(Object(Illuminate/Http/Request))
#29 D:/wamp64/www/v12/stackposts/release/stackposts-installer-20260418/vendor/laravel/framework/src/Illuminate/Pipeline/Pipeline.php(219): Illuminate/Foundation/Http/Middleware/PreventRequestsDuringMaintenance->handle(Object(Illuminate/Http/Request), Object(Closure))
#30 D:/wamp64/www/v12/stackposts/release/stackposts-installer-20260418/vendor/laravel/framework/src/Illuminate/Http/Middleware/HandleCors.php(61): Illuminate/Pipeline/Pipeline->Illuminate/Pipeline/{closure}(Object(Illuminate/Http/Request))
#31 D:/wamp64/www/v12/stackposts/release/stackposts-installer-20260418/vendor/laravel/framework/src/Illuminate/Pipeline/Pipeline.php(219): Illuminate/Http/Middleware/HandleCors->handle(Object(Illuminate/Http/Request), Object(Closure))
#32 D:/wamp64/www/v12/stackposts/release/stackposts-installer-20260418/vendor/laravel/framework/src/Illuminate/Http/Middleware/TrustProxies.php(58): Illuminate/Pipeline/Pipeline->Illuminate/Pipeline/{closure}(Object(Illuminate/Http/Request))
#33 D:/wamp64/www/v12/stackposts/release/stackposts-installer-20260418/vendor/laravel/framework/src/Illuminate/Pipeline/Pipeline.php(219): Illuminate/Http/Middleware/TrustProxies->handle(Object(Illuminate/Http/Request), Object(Closure))
#34 D:/wamp64/www/v12/stackposts/release/stackposts-installer-20260418/vendor/laravel/framework/src/Illuminate/Foundation/Http/Middleware/InvokeDeferredCallbacks.php(22): Illuminate/Pipeline/Pipeline->Illuminate/Pipeline/{closure}(Object(Illuminate/Http/Request))
#35 D:/wamp64/www/v12/stackposts/release/stackposts-installer-20260418/vendor/laravel/framework/src/Illuminate/Pipeline/Pipeline.php(219): Illuminate/Foundation/Http/Middleware/InvokeDeferredCallbacks->handle(Object(Illuminate/Http/Request), Object(Closure))
#36 D:/wamp64/www/v12/stackposts/release/stackposts-installer-20260418/vendor/laravel/framework/src/Illuminate/Http/Middleware/ValidatePathEncoding.php(28): Illuminate/Pipeline/Pipeline->Illuminate/Pipeline/{closure}(Object(Illuminate/Http/Request))
#37 D:/wamp64/www/v12/stackposts/release/stackposts-installer-20260418/vendor/laravel/framework/src/Illuminate/Pipeline/Pipeline.php(219): Illuminate/Http/Middleware/ValidatePathEncoding->handle(Object(Illuminate/Http/Request), Object(Closure))
#38 D:/wamp64/www/v12/stackposts/release/stackposts-installer-20260418/vendor/laravel/framework/src/Illuminate/Pipeline/Pipeline.php(137): Illuminate/Pipeline/Pipeline->Illuminate/Pipeline/{closure}(Object(Illuminate/Http/Request))
#39 D:/wamp64/www/v12/stackposts/release/stackposts-installer-20260418/vendor/laravel/framework/src/Illuminate/Foundation/Http/Kernel.php(175): Illuminate/Pipeline/Pipeline->then(Object(Closure))
#40 D:/wamp64/www/v12/stackposts/release/stackposts-installer-20260418/vendor/laravel/framework/src/Illuminate/Foundation/Http/Kernel.php(144): Illuminate/Foundation/Http/Kernel->sendRequestThroughRouter(Object(Illuminate/Http/Request))
#41 D:/wamp64/www/v12/stackposts/release/stackposts-installer-20260418/vendor/laravel/framework/src/Illuminate/Foundation/Application.php(1220): Illuminate/Foundation/Http/Kernel->handle(Object(Illuminate/Http/Request))
#42 D:/wamp64/www/v12/stackposts/release/stackposts-installer-20260418/index.php(17): Illuminate/Foundation/Application->handleRequest(Object(Illuminate/Http/Request))
#43 {main}
"} 
[2026-04-18 09:35:28] production.ERROR: Symfony\Component\HttpFoundation\InputBag::get(): Argument #1 ($key) must be of type string, null given, called in D:\wamp64\www\v12\stackposts\release\stackposts-installer-20260418\vendor\laravel\framework\src\Illuminate\Session\Middleware\StartSession.php on line 159 {"exception":"[object] (TypeError(code: 0): Symfony\\Component\\HttpFoundation\\InputBag::get(): Argument #1 ($key) must be of type string, null given, called in D:\\wamp64\\www\\v12\\stackposts\\release\\stackposts-installer-20260418\\vendor\\laravel\\framework\\src\\Illuminate\\Session\\Middleware\\StartSession.php on line 159 at D:/wamp64/www/v12/stackposts/release/stackposts-installer-20260418/vendor/symfony/http-foundation/InputBag.php:37)
[stacktrace]
#0 D:/wamp64/www/v12/stackposts/release/stackposts-installer-20260418/vendor/laravel/framework/src/Illuminate/Session/Middleware/StartSession.php(159): Symfony/Component/HttpFoundation/InputBag->get(NULL)
#1 D:/wamp64/www/v12/stackposts/release/stackposts-installer-20260418/vendor/laravel/framework/src/Illuminate/Support/helpers.php(393): Illuminate/Session/Middleware/StartSession->Illuminate/Session/Middleware/{closure}(Object(Illuminate/Session/Store))
#2 D:/wamp64/www/v12/stackposts/release/stackposts-installer-20260418/vendor/laravel/framework/src/Illuminate/Session/Middleware/StartSession.php(158): tap(Object(Illuminate/Session/Store), Object(Closure))
#3 D:/wamp64/www/v12/stackposts/release/stackposts-installer-20260418/vendor/laravel/framework/src/Illuminate/Session/Middleware/StartSession.php(56): Illuminate/Session/Middleware/StartSession->getSession(Object(Illuminate/Http/Request))
#4 D:/wamp64/www/v12/stackposts/release/stackposts-installer-20260418/vendor/laravel/framework/src/Illuminate/Pipeline/Pipeline.php(219): Illuminate/Session/Middleware/StartSession->handle(Object(Illuminate/Http/Request), Object(Closure))
#5 D:/wamp64/www/v12/stackposts/release/stackposts-installer-20260418/vendor/laravel/framework/src/Illuminate/Cookie/Middleware/AddQueuedCookiesToResponse.php(36): Illuminate/Pipeline/Pipeline->Illuminate/Pipeline/{closure}(Object(Illuminate/Http/Request))
#6 D:/wamp64/www/v12/stackposts/release/stackposts-installer-20260418/vendor/laravel/framework/src/Illuminate/Pipeline/Pipeline.php(219): Illuminate/Cookie/Middleware/AddQueuedCookiesToResponse->handle(Object(Illuminate/Http/Request), Object(Closure))
#7 D:/wamp64/www/v12/stackposts/release/stackposts-installer-20260418/vendor/laravel/framework/src/Illuminate/Cookie/Middleware/EncryptCookies.php(74): Illuminate/Pipeline/Pipeline->Illuminate/Pipeline/{closure}(Object(Illuminate/Http/Request))
#8 D:/wamp64/www/v12/stackposts/release/stackposts-installer-20260418/vendor/laravel/framework/src/Illuminate/Pipeline/Pipeline.php(219): Illuminate/Cookie/Middleware/EncryptCookies->handle(Object(Illuminate/Http/Request), Object(Closure))
#9 D:/wamp64/www/v12/stackposts/release/stackposts-installer-20260418/app/Installer/Http/Middleware/PrepareInstallation.php(29): Illuminate/Pipeline/Pipeline->Illuminate/Pipeline/{closure}(Object(Illuminate/Http/Request))
#10 D:/wamp64/www/v12/stackposts/release/stackposts-installer-20260418/vendor/laravel/framework/src/Illuminate/Pipeline/Pipeline.php(219): App/Installer/Http/Middleware/PrepareInstallation->handle(Object(Illuminate/Http/Request), Object(Closure))
#11 D:/wamp64/www/v12/stackposts/release/stackposts-installer-20260418/vendor/laravel/framework/src/Illuminate/Pipeline/Pipeline.php(137): Illuminate/Pipeline/Pipeline->Illuminate/Pipeline/{closure}(Object(Illuminate/Http/Request))
#12 D:/wamp64/www/v12/stackposts/release/stackposts-installer-20260418/vendor/laravel/framework/src/Illuminate/Routing/Router.php(821): Illuminate/Pipeline/Pipeline->then(Object(Closure))
#13 D:/wamp64/www/v12/stackposts/release/stackposts-installer-20260418/vendor/laravel/framework/src/Illuminate/Routing/Router.php(800): Illuminate/Routing/Router->runRouteWithinStack(Object(Illuminate/Routing/Route), Object(Illuminate/Http/Request))
#14 D:/wamp64/www/v12/stackposts/release/stackposts-installer-20260418/vendor/laravel/framework/src/Illuminate/Routing/Router.php(764): Illuminate/Routing/Router->runRoute(Object(Illuminate/Http/Request), Object(Illuminate/Routing/Route))
#15 D:/wamp64/www/v12/stackposts/release/stackposts-installer-20260418/vendor/laravel/framework/src/Illuminate/Routing/Router.php(753): Illuminate/Routing/Router->dispatchToRoute(Object(Illuminate/Http/Request))
#16 D:/wamp64/www/v12/stackposts/release/stackposts-installer-20260418/vendor/laravel/framework/src/Illuminate/Foundation/Http/Kernel.php(200): Illuminate/Routing/Router->dispatch(Object(Illuminate/Http/Request))
#17 D:/wamp64/www/v12/stackposts/release/stackposts-installer-20260418/vendor/laravel/framework/src/Illuminate/Pipeline/Pipeline.php(180): Illuminate/Foundation/Http/Kernel->Illuminate/Foundation/Http/{closure}(Object(Illuminate/Http/Request))
#18 D:/wamp64/www/v12/stackposts/release/stackposts-installer-20260418/vendor/livewire/livewire/src/Features/SupportDisablingBackButtonCache/DisableBackButtonCacheMiddleware.php(19): Illuminate/Pipeline/Pipeline->Illuminate/Pipeline/{closure}(Object(Illuminate/Http/Request))
#19 D:/wamp64/www/v12/stackposts/release/stackposts-installer-20260418/vendor/laravel/framework/src/Illuminate/Pipeline/Pipeline.php(219): Livewire/Features/SupportDisablingBackButtonCache/DisableBackButtonCacheMiddleware->handle(Object(Illuminate/Http/Request), Object(Closure))
#20 D:/wamp64/www/v12/stackposts/release/stackposts-installer-20260418/vendor/laravel/framework/src/Illuminate/Foundation/Http/Middleware/TransformsRequest.php(21): Illuminate/Pipeline/Pipeline->Illuminate/Pipeline/{closure}(Object(Illuminate/Http/Request))
#21 D:/wamp64/www/v12/stackposts/release/stackposts-installer-20260418/vendor/laravel/framework/src/Illuminate/Foundation/Http/Middleware/ConvertEmptyStringsToNull.php(31): Illuminate/Foundation/Http/Middleware/TransformsRequest->handle(Object(Illuminate/Http/Request), Object(Closure))
#22 D:/wamp64/www/v12/stackposts/release/stackposts-installer-20260418/vendor/laravel/framework/src/Illuminate/Pipeline/Pipeline.php(219): Illuminate/Foundation/Http/Middleware/ConvertEmptyStringsToNull->handle(Object(Illuminate/Http/Request), Object(Closure))
#23 D:/wamp64/www/v12/stackposts/release/stackposts-installer-20260418/vendor/laravel/framework/src/Illuminate/Foundation/Http/Middleware/TransformsRequest.php(21): Illuminate/Pipeline/Pipeline->Illuminate/Pipeline/{closure}(Object(Illuminate/Http/Request))
#24 D:/wamp64/www/v12/stackposts/release/stackposts-installer-20260418/vendor/laravel/framework/src/Illuminate/Foundation/Http/Middleware/TrimStrings.php(51): Illuminate/Foundation/Http/Middleware/TransformsRequest->handle(Object(Illuminate/Http/Request), Object(Closure))
#25 D:/wamp64/www/v12/stackposts/release/stackposts-installer-20260418/vendor/laravel/framework/src/Illuminate/Pipeline/Pipeline.php(219): Illuminate/Foundation/Http/Middleware/TrimStrings->handle(Object(Illuminate/Http/Request), Object(Closure))
#26 D:/wamp64/www/v12/stackposts/release/stackposts-installer-20260418/vendor/laravel/framework/src/Illuminate/Http/Middleware/ValidatePostSize.php(27): Illuminate/Pipeline/Pipeline->Illuminate/Pipeline/{closure}(Object(Illuminate/Http/Request))
#27 D:/wamp64/www/v12/stackposts/release/stackposts-installer-20260418/vendor/laravel/framework/src/Illuminate/Pipeline/Pipeline.php(219): Illuminate/Http/Middleware/ValidatePostSize->handle(Object(Illuminate/Http/Request), Object(Closure))
#28 D:/wamp64/www/v12/stackposts/release/stackposts-installer-20260418/vendor/laravel/framework/src/Illuminate/Foundation/Http/Middleware/PreventRequestsDuringMaintenance.php(109): Illuminate/Pipeline/Pipeline->Illuminate/Pipeline/{closure}(Object(Illuminate/Http/Request))
#29 D:/wamp64/www/v12/stackposts/release/stackposts-installer-20260418/vendor/laravel/framework/src/Illuminate/Pipeline/Pipeline.php(219): Illuminate/Foundation/Http/Middleware/PreventRequestsDuringMaintenance->handle(Object(Illuminate/Http/Request), Object(Closure))
#30 D:/wamp64/www/v12/stackposts/release/stackposts-installer-20260418/vendor/laravel/framework/src/Illuminate/Http/Middleware/HandleCors.php(61): Illuminate/Pipeline/Pipeline->Illuminate/Pipeline/{closure}(Object(Illuminate/Http/Request))
#31 D:/wamp64/www/v12/stackposts/release/stackposts-installer-20260418/vendor/laravel/framework/src/Illuminate/Pipeline/Pipeline.php(219): Illuminate/Http/Middleware/HandleCors->handle(Object(Illuminate/Http/Request), Object(Closure))
#32 D:/wamp64/www/v12/stackposts/release/stackposts-installer-20260418/vendor/laravel/framework/src/Illuminate/Http/Middleware/TrustProxies.php(58): Illuminate/Pipeline/Pipeline->Illuminate/Pipeline/{closure}(Object(Illuminate/Http/Request))
#33 D:/wamp64/www/v12/stackposts/release/stackposts-installer-20260418/vendor/laravel/framework/src/Illuminate/Pipeline/Pipeline.php(219): Illuminate/Http/Middleware/TrustProxies->handle(Object(Illuminate/Http/Request), Object(Closure))
#34 D:/wamp64/www/v12/stackposts/release/stackposts-installer-20260418/vendor/laravel/framework/src/Illuminate/Foundation/Http/Middleware/InvokeDeferredCallbacks.php(22): Illuminate/Pipeline/Pipeline->Illuminate/Pipeline/{closure}(Object(Illuminate/Http/Request))
#35 D:/wamp64/www/v12/stackposts/release/stackposts-installer-20260418/vendor/laravel/framework/src/Illuminate/Pipeline/Pipeline.php(219): Illuminate/Foundation/Http/Middleware/InvokeDeferredCallbacks->handle(Object(Illuminate/Http/Request), Object(Closure))
#36 D:/wamp64/www/v12/stackposts/release/stackposts-installer-20260418/vendor/laravel/framework/src/Illuminate/Http/Middleware/ValidatePathEncoding.php(28): Illuminate/Pipeline/Pipeline->Illuminate/Pipeline/{closure}(Object(Illuminate/Http/Request))
#37 D:/wamp64/www/v12/stackposts/release/stackposts-installer-20260418/vendor/laravel/framework/src/Illuminate/Pipeline/Pipeline.php(219): Illuminate/Http/Middleware/ValidatePathEncoding->handle(Object(Illuminate/Http/Request), Object(Closure))
#38 D:/wamp64/www/v12/stackposts/release/stackposts-installer-20260418/vendor/laravel/framework/src/Illuminate/Pipeline/Pipeline.php(137): Illuminate/Pipeline/Pipeline->Illuminate/Pipeline/{closure}(Object(Illuminate/Http/Request))
#39 D:/wamp64/www/v12/stackposts/release/stackposts-installer-20260418/vendor/laravel/framework/src/Illuminate/Foundation/Http/Kernel.php(175): Illuminate/Pipeline/Pipeline->then(Object(Closure))
#40 D:/wamp64/www/v12/stackposts/release/stackposts-installer-20260418/vendor/laravel/framework/src/Illuminate/Foundation/Http/Kernel.php(144): Illuminate/Foundation/Http/Kernel->sendRequestThroughRouter(Object(Illuminate/Http/Request))
#41 D:/wamp64/www/v12/stackposts/release/stackposts-installer-20260418/vendor/laravel/framework/src/Illuminate/Foundation/Application.php(1220): Illuminate/Foundation/Http/Kernel->handle(Object(Illuminate/Http/Request))
#42 D:/wamp64/www/v12/stackposts/release/stackposts-installer-20260418/index.php(17): Illuminate/Foundation/Application->handleRequest(Object(Illuminate/Http/Request))
#43 {main}
"} 
[2026-04-18 09:35:29] production.ERROR: Symfony\Component\HttpFoundation\InputBag::get(): Argument #1 ($key) must be of type string, null given, called in D:\wamp64\www\v12\stackposts\release\stackposts-installer-20260418\vendor\laravel\framework\src\Illuminate\Session\Middleware\StartSession.php on line 159 {"exception":"[object] (TypeError(code: 0): Symfony\\Component\\HttpFoundation\\InputBag::get(): Argument #1 ($key) must be of type string, null given, called in D:\\wamp64\\www\\v12\\stackposts\\release\\stackposts-installer-20260418\\vendor\\laravel\\framework\\src\\Illuminate\\Session\\Middleware\\StartSession.php on line 159 at D:/wamp64/www/v12/stackposts/release/stackposts-installer-20260418/vendor/symfony/http-foundation/InputBag.php:37)
[stacktrace]
#0 D:/wamp64/www/v12/stackposts/release/stackposts-installer-20260418/vendor/laravel/framework/src/Illuminate/Session/Middleware/StartSession.php(159): Symfony/Component/HttpFoundation/InputBag->get(NULL)
#1 D:/wamp64/www/v12/stackposts/release/stackposts-installer-20260418/vendor/laravel/framework/src/Illuminate/Support/helpers.php(393): Illuminate/Session/Middleware/StartSession->Illuminate/Session/Middleware/{closure}(Object(Illuminate/Session/Store))
#2 D:/wamp64/www/v12/stackposts/release/stackposts-installer-20260418/vendor/laravel/framework/src/Illuminate/Session/Middleware/StartSession.php(158): tap(Object(Illuminate/Session/Store), Object(Closure))
#3 D:/wamp64/www/v12/stackposts/release/stackposts-installer-20260418/vendor/laravel/framework/src/Illuminate/Session/Middleware/StartSession.php(56): Illuminate/Session/Middleware/StartSession->getSession(Object(Illuminate/Http/Request))
#4 D:/wamp64/www/v12/stackposts/release/stackposts-installer-20260418/vendor/laravel/framework/src/Illuminate/Pipeline/Pipeline.php(219): Illuminate/Session/Middleware/StartSession->handle(Object(Illuminate/Http/Request), Object(Closure))
#5 D:/wamp64/www/v12/stackposts/release/stackposts-installer-20260418/vendor/laravel/framework/src/Illuminate/Cookie/Middleware/AddQueuedCookiesToResponse.php(36): Illuminate/Pipeline/Pipeline->Illuminate/Pipeline/{closure}(Object(Illuminate/Http/Request))
#6 D:/wamp64/www/v12/stackposts/release/stackposts-installer-20260418/vendor/laravel/framework/src/Illuminate/Pipeline/Pipeline.php(219): Illuminate/Cookie/Middleware/AddQueuedCookiesToResponse->handle(Object(Illuminate/Http/Request), Object(Closure))
#7 D:/wamp64/www/v12/stackposts/release/stackposts-installer-20260418/vendor/laravel/framework/src/Illuminate/Cookie/Middleware/EncryptCookies.php(74): Illuminate/Pipeline/Pipeline->Illuminate/Pipeline/{closure}(Object(Illuminate/Http/Request))
#8 D:/wamp64/www/v12/stackposts/release/stackposts-installer-20260418/vendor/laravel/framework/src/Illuminate/Pipeline/Pipeline.php(219): Illuminate/Cookie/Middleware/EncryptCookies->handle(Object(Illuminate/Http/Request), Object(Closure))
#9 D:/wamp64/www/v12/stackposts/release/stackposts-installer-20260418/app/Installer/Http/Middleware/PrepareInstallation.php(29): Illuminate/Pipeline/Pipeline->Illuminate/Pipeline/{closure}(Object(Illuminate/Http/Request))
#10 D:/wamp64/www/v12/stackposts/release/stackposts-installer-20260418/vendor/laravel/framework/src/Illuminate/Pipeline/Pipeline.php(219): App/Installer/Http/Middleware/PrepareInstallation->handle(Object(Illuminate/Http/Request), Object(Closure))
#11 D:/wamp64/www/v12/stackposts/release/stackposts-installer-20260418/vendor/laravel/framework/src/Illuminate/Pipeline/Pipeline.php(137): Illuminate/Pipeline/Pipeline->Illuminate/Pipeline/{closure}(Object(Illuminate/Http/Request))
#12 D:/wamp64/www/v12/stackposts/release/stackposts-installer-20260418/vendor/laravel/framework/src/Illuminate/Routing/Router.php(821): Illuminate/Pipeline/Pipeline->then(Object(Closure))
#13 D:/wamp64/www/v12/stackposts/release/stackposts-installer-20260418/vendor/laravel/framework/src/Illuminate/Routing/Router.php(800): Illuminate/Routing/Router->runRouteWithinStack(Object(Illuminate/Routing/Route), Object(Illuminate/Http/Request))
#14 D:/wamp64/www/v12/stackposts/release/stackposts-installer-20260418/vendor/laravel/framework/src/Illuminate/Routing/Router.php(764): Illuminate/Routing/Router->runRoute(Object(Illuminate/Http/Request), Object(Illuminate/Routing/Route))
#15 D:/wamp64/www/v12/stackposts/release/stackposts-installer-20260418/vendor/laravel/framework/src/Illuminate/Routing/Router.php(753): Illuminate/Routing/Router->dispatchToRoute(Object(Illuminate/Http/Request))
#16 D:/wamp64/www/v12/stackposts/release/stackposts-installer-20260418/vendor/laravel/framework/src/Illuminate/Foundation/Http/Kernel.php(200): Illuminate/Routing/Router->dispatch(Object(Illuminate/Http/Request))
#17 D:/wamp64/www/v12/stackposts/release/stackposts-installer-20260418/vendor/laravel/framework/src/Illuminate/Pipeline/Pipeline.php(180): Illuminate/Foundation/Http/Kernel->Illuminate/Foundation/Http/{closure}(Object(Illuminate/Http/Request))
#18 D:/wamp64/www/v12/stackposts/release/stackposts-installer-20260418/vendor/livewire/livewire/src/Features/SupportDisablingBackButtonCache/DisableBackButtonCacheMiddleware.php(19): Illuminate/Pipeline/Pipeline->Illuminate/Pipeline/{closure}(Object(Illuminate/Http/Request))
#19 D:/wamp64/www/v12/stackposts/release/stackposts-installer-20260418/vendor/laravel/framework/src/Illuminate/Pipeline/Pipeline.php(219): Livewire/Features/SupportDisablingBackButtonCache/DisableBackButtonCacheMiddleware->handle(Object(Illuminate/Http/Request), Object(Closure))
#20 D:/wamp64/www/v12/stackposts/release/stackposts-installer-20260418/vendor/laravel/framework/src/Illuminate/Foundation/Http/Middleware/TransformsRequest.php(21): Illuminate/Pipeline/Pipeline->Illuminate/Pipeline/{closure}(Object(Illuminate/Http/Request))
#21 D:/wamp64/www/v12/stackposts/release/stackposts-installer-20260418/vendor/laravel/framework/src/Illuminate/Foundation/Http/Middleware/ConvertEmptyStringsToNull.php(31): Illuminate/Foundation/Http/Middleware/TransformsRequest->handle(Object(Illuminate/Http/Request), Object(Closure))
#22 D:/wamp64/www/v12/stackposts/release/stackposts-installer-20260418/vendor/laravel/framework/src/Illuminate/Pipeline/Pipeline.php(219): Illuminate/Foundation/Http/Middleware/ConvertEmptyStringsToNull->handle(Object(Illuminate/Http/Request), Object(Closure))
#23 D:/wamp64/www/v12/stackposts/release/stackposts-installer-20260418/vendor/laravel/framework/src/Illuminate/Foundation/Http/Middleware/TransformsRequest.php(21): Illuminate/Pipeline/Pipeline->Illuminate/Pipeline/{closure}(Object(Illuminate/Http/Request))
#24 D:/wamp64/www/v12/stackposts/release/stackposts-installer-20260418/vendor/laravel/framework/src/Illuminate/Foundation/Http/Middleware/TrimStrings.php(51): Illuminate/Foundation/Http/Middleware/TransformsRequest->handle(Object(Illuminate/Http/Request), Object(Closure))
#25 D:/wamp64/www/v12/stackposts/release/stackposts-installer-20260418/vendor/laravel/framework/src/Illuminate/Pipeline/Pipeline.php(219): Illuminate/Foundation/Http/Middleware/TrimStrings->handle(Object(Illuminate/Http/Request), Object(Closure))
#26 D:/wamp64/www/v12/stackposts/release/stackposts-installer-20260418/vendor/laravel/framework/src/Illuminate/Http/Middleware/ValidatePostSize.php(27): Illuminate/Pipeline/Pipeline->Illuminate/Pipeline/{closure}(Object(Illuminate/Http/Request))
#27 D:/wamp64/www/v12/stackposts/release/stackposts-installer-20260418/vendor/laravel/framework/src/Illuminate/Pipeline/Pipeline.php(219): Illuminate/Http/Middleware/ValidatePostSize->handle(Object(Illuminate/Http/Request), Object(Closure))
#28 D:/wamp64/www/v12/stackposts/release/stackposts-installer-20260418/vendor/laravel/framework/src/Illuminate/Foundation/Http/Middleware/PreventRequestsDuringMaintenance.php(109): Illuminate/Pipeline/Pipeline->Illuminate/Pipeline/{closure}(Object(Illuminate/Http/Request))
#29 D:/wamp64/www/v12/stackposts/release/stackposts-installer-20260418/vendor/laravel/framework/src/Illuminate/Pipeline/Pipeline.php(219): Illuminate/Foundation/Http/Middleware/PreventRequestsDuringMaintenance->handle(Object(Illuminate/Http/Request), Object(Closure))
#30 D:/wamp64/www/v12/stackposts/release/stackposts-installer-20260418/vendor/laravel/framework/src/Illuminate/Http/Middleware/HandleCors.php(61): Illuminate/Pipeline/Pipeline->Illuminate/Pipeline/{closure}(Object(Illuminate/Http/Request))
#31 D:/wamp64/www/v12/stackposts/release/stackposts-installer-20260418/vendor/laravel/framework/src/Illuminate/Pipeline/Pipeline.php(219): Illuminate/Http/Middleware/HandleCors->handle(Object(Illuminate/Http/Request), Object(Closure))
#32 D:/wamp64/www/v12/stackposts/release/stackposts-installer-20260418/vendor/laravel/framework/src/Illuminate/Http/Middleware/TrustProxies.php(58): Illuminate/Pipeline/Pipeline->Illuminate/Pipeline/{closure}(Object(Illuminate/Http/Request))
#33 D:/wamp64/www/v12/stackposts/release/stackposts-installer-20260418/vendor/laravel/framework/src/Illuminate/Pipeline/Pipeline.php(219): Illuminate/Http/Middleware/TrustProxies->handle(Object(Illuminate/Http/Request), Object(Closure))
#34 D:/wamp64/www/v12/stackposts/release/stackposts-installer-20260418/vendor/laravel/framework/src/Illuminate/Foundation/Http/Middleware/InvokeDeferredCallbacks.php(22): Illuminate/Pipeline/Pipeline->Illuminate/Pipeline/{closure}(Object(Illuminate/Http/Request))
#35 D:/wamp64/www/v12/stackposts/release/stackposts-installer-20260418/vendor/laravel/framework/src/Illuminate/Pipeline/Pipeline.php(219): Illuminate/Foundation/Http/Middleware/InvokeDeferredCallbacks->handle(Object(Illuminate/Http/Request), Object(Closure))
#36 D:/wamp64/www/v12/stackposts/release/stackposts-installer-20260418/vendor/laravel/framework/src/Illuminate/Http/Middleware/ValidatePathEncoding.php(28): Illuminate/Pipeline/Pipeline->Illuminate/Pipeline/{closure}(Object(Illuminate/Http/Request))
#37 D:/wamp64/www/v12/stackposts/release/stackposts-installer-20260418/vendor/laravel/framework/src/Illuminate/Pipeline/Pipeline.php(219): Illuminate/Http/Middleware/ValidatePathEncoding->handle(Object(Illuminate/Http/Request), Object(Closure))
#38 D:/wamp64/www/v12/stackposts/release/stackposts-installer-20260418/vendor/laravel/framework/src/Illuminate/Pipeline/Pipeline.php(137): Illuminate/Pipeline/Pipeline->Illuminate/Pipeline/{closure}(Object(Illuminate/Http/Request))
#39 D:/wamp64/www/v12/stackposts/release/stackposts-installer-20260418/vendor/laravel/framework/src/Illuminate/Foundation/Http/Kernel.php(175): Illuminate/Pipeline/Pipeline->then(Object(Closure))
#40 D:/wamp64/www/v12/stackposts/release/stackposts-installer-20260418/vendor/laravel/framework/src/Illuminate/Foundation/Http/Kernel.php(144): Illuminate/Foundation/Http/Kernel->sendRequestThroughRouter(Object(Illuminate/Http/Request))
#41 D:/wamp64/www/v12/stackposts/release/stackposts-installer-20260418/vendor/laravel/framework/src/Illuminate/Foundation/Application.php(1220): Illuminate/Foundation/Http/Kernel->handle(Object(Illuminate/Http/Request))
#42 D:/wamp64/www/v12/stackposts/release/stackposts-installer-20260418/index.php(17): Illuminate/Foundation/Application->handleRequest(Object(Illuminate/Http/Request))
#43 {main}
"} 
